// Jest Snapshot v1, https://goo.gl/fbAQLP

exports[`Menu has correct default options 1`] = `
<nav
  className="grommetux-box grommetux-box--direction-column grommetux-box--responsive grommetux-box--pad-none grommetux-menu grommetux-menu--column grommetux-menu--inline"
  id={undefined}
  onClick={undefined}
  role={undefined}
  style={Object {}}
  tabIndex={undefined}
>
  <a
    className="active"
    href="#"
  >
    First
  </a>
  <a
    href="#"
  >
    Second
  </a>
  <a
    href="#"
  >
    Third
  </a>
</nav>
`;
