// Jest Snapshot v1, https://goo.gl/fbAQLP

exports[`Meter has correct default options 1`] = `
<div
  className="grommetux-meter grommetux-meter--bar grommetux-meter--single"
>
  <div
    className="grommetux-meter__value-container"
  >
    <div
      className="grommetux-meter__graphic-container"
    >
      <svg
        aria-label="Bar Meter. , Value: 40, Max: 100"
        className="grommetux-meter__graphic"
        height={24}
        onBlur={[Function]}
        onFocus={[Function]}
        preserveAspectRatio="xMidYMid meet"
        role="img"
        tabIndex={undefined}
        viewBox="0 0 192 24"
        width={192}
      >
        <g
          className="grommetux-meter__tracks"
        >
          <path
            className="grommetux-meter__slice"
            d="M0,12 L192,12"
          />
        </g>
        <g
          className="grommetux-meter__values"
        >
          <path
            className="grommetux-meter__slice grommetux-color-index-graph-1"
            d="M0,12 L77,12"
          />
        </g>
      </svg>
    </div>
  </div>
</div>
`;
