// Jest Snapshot v1, https://goo.gl/fbAQLP

exports[`SkipLinks has correct default options 1`] = `
<span
  style={
    Object {
      "display": "none",
    }
  }
/>
`;
