// Jest Snapshot v1, https://goo.gl/fbAQLP

exports[`TBD has correct default options 1`] = `
<div
  className="grommetux-tbd"
>
  TBD
</div>
`;
