// Jest Snapshot v1, https://goo.gl/fbAQLP

exports[`Map has correct default options 1`] = `
<div
  className="grommetux-map"
>
  <svg
    className="grommetux-map__links"
    height={100}
    preserveAspectRatio="xMidYMid meet"
    viewBox="0 0 100 100"
    width={100}
  />
  <ol
    className="grommetux-map__categories"
  >
    <li
      className="grommetux-map__category"
    >
      <div
        className="grommetux-map__category-label"
      >
        First category
      </div>
      <ul
        className="grommetux-map__category-items"
      >
        <li
          aria-label="First item, Children: (Fifth item)"
          className="grommetux-map__item"
          id="item-1-1"
          onMouseEnter={[Function]}
          onMouseLeave={[Function]}
        >
          First item
        </li>
        <li
          aria-label="Second item, Children: (Fifth item,Fourth item)"
          className="grommetux-map__item"
          id="item-1-2"
          onMouseEnter={[Function]}
          onMouseLeave={[Function]}
        >
          Second item
        </li>
        <li
          aria-label="Third item, No Relationship"
          className="grommetux-map__item"
          id="item-1-3"
          onMouseEnter={[Function]}
          onMouseLeave={[Function]}
        >
          Third item
        </li>
      </ul>
    </li>
    <li
      className="grommetux-map__category"
    >
      <div
        className="grommetux-map__category-label"
      >
        Second category
      </div>
      <ul
        className="grommetux-map__category-items"
      >
        <li
          aria-label="Fourth item, Parents: (Second item), Children: (Seventh item)"
          className="grommetux-map__item"
          id="item-2-1"
          onMouseEnter={[Function]}
          onMouseLeave={[Function]}
        >
          Fourth item
        </li>
        <li
          aria-label="Fifth item, Parents: (First item,Second item), Children: (Sixth item)"
          className="grommetux-map__item"
          id="item-2-2"
          onMouseEnter={[Function]}
          onMouseLeave={[Function]}
        >
          Fifth item
        </li>
      </ul>
    </li>
    <li
      className="grommetux-map__category"
    >
      <div
        className="grommetux-map__category-label"
      >
        Third category
      </div>
      <ul
        className="grommetux-map__category-items"
      >
        <li
          aria-label="Sixth item, Parents: (Fifth item)"
          className="grommetux-map__item"
          id="item-3-1"
          onMouseEnter={[Function]}
          onMouseLeave={[Function]}
        >
          Sixth item
        </li>
        <li
          aria-label="Seventh item, Parents: (Fourth item)"
          className="grommetux-map__item"
          id="item-3-2"
          onMouseEnter={[Function]}
          onMouseLeave={[Function]}
        >
          Seventh item
        </li>
      </ul>
    </li>
  </ol>
</div>
`;
